{
  "dependencies": [],
  "dev-dependencies": {},
  "metadata": {
    "requires-dev": {},
    "requires-dist": []
  },
  "name": "blinker",
  "optional-dependencies": {},
  "resolution-markers": [],
  "sdist": {
    "hash": "sha256:4afd3de66ef3a9f8067559fb7a1cbe555c17dcbe15971b05d1b625c3e7abe213"
  },
  "source": {
    "url": "https://files.pythonhosted.org/packages/e8/f9/a05287f3d5c54d20f51a235ace01f50620984bc7ca5ceee781dc645211c5/blinker-1.6.2.tar.gz"
  },
  "version": "1.6.2",
  "version'": {
    "dev": null,
    "epoch": 0,
    "local": null,
    "post": null,
    "pre": null,
    "release": [
      1,
      6,
      2
    ],
    "str": "1.6.2"
  },
  "wheels": []
}
