{
  "multi-choice-package": "multi-choice-package-0.1.0"
}
