{
  "arpeggio": "arpeggio-2.0.2",
  "trivial": "trivial-0.1.0"
}
