{
  "conflicts": [],
  "manifest": {
    "members": [
      "multi-depends",
      "multi-pythons"
    ]
  },
  "options": {
    "exclude-newer": "2024-08-21T10:06:00Z",
    "prerelease-mode": null,
    "resolution-mode": null
  },
  "requires-python": [
    {
      "op": ">=",
      "version": {
        "dev": null,
        "epoch": 0,
        "local": null,
        "post": null,
        "pre": null,
        "release": [
          3,
          11
        ],
        "str": "3.11"
      }
    }
  ],
  "resolution-markers": {
    "python_full_version < '3.12'": {
      "lhs": {
        "type": "variable",
        "value": "python_full_version"
      },
      "op": "<",
      "rhs": {
        "type": "version",
        "value": {
          "dev": null,
          "epoch": 0,
          "local": null,
          "post": null,
          "pre": null,
          "release": [
            3,
            12
          ],
          "str": "3.12"
        }
      },
      "type": "compare"
    },
    "python_full_version >= '3.12'": {
      "lhs": {
        "type": "variable",
        "value": "python_full_version"
      },
      "op": ">=",
      "rhs": {
        "type": "version",
        "value": {
          "dev": null,
          "epoch": 0,
          "local": null,
          "post": null,
          "pre": null,
          "release": [
            3,
            12
          ],
          "str": "3.12"
        }
      },
      "type": "compare"
    }
  },
  "supported-markers": [],
  "version": 1
}
