{
  "coverage": "coverage-7.6.1",
  "with-tool-uv-devdeps": "with-tool-uv-devdeps-0.1.0"
}
