{
  "dependencies": [
    {
      "extra": [
        "socks"
      ],
      "marker": null,
      "name": "requests",
      "source": {},
      "version": null,
      "version'": null
    }
  ],
  "dev-dependencies": {},
  "metadata": {
    "requires-dev": {},
    "requires-dist": [
      {
        "directory": null,
        "editable": null,
        "extras": [
          "socks"
        ],
        "git": null,
        "marker": null,
        "name": "requests",
        "path": null,
        "specifier": [
          {
            "op": ">=",
            "version": {
              "dev": null,
              "epoch": 0,
              "local": null,
              "post": null,
              "pre": null,
              "release": [
                2,
                32,
                3
              ],
              "str": "2.32.3"
            }
          }
        ],
        "url": null
      }
    ]
  },
  "name": "with-extra",
  "optional-dependencies": {},
  "resolution-markers": [],
  "sdist": {},
  "source": {
    "editable": "."
  },
  "version": "0.1.0",
  "version'": {
    "dev": null,
    "epoch": 0,
    "local": null,
    "post": null,
    "pre": null,
    "release": [
      0,
      1,
      0
    ],
    "str": "0.1.0"
  },
  "wheels": []
}
