{
  "conflicts": [],
  "manifest": {
    "members": []
  },
  "options": {
    "exclude-newer": "2025-01-17T01:09:31Z",
    "prerelease-mode": null,
    "resolution-mode": null
  },
  "required-markers": {},
  "requires-python": [
    {
      "op": ">=",
      "version": {
        "dev": null,
        "epoch": 0,
        "local": null,
        "post": null,
        "pre": null,
        "release": [
          3,
          12
        ],
        "str": "3.12"
      }
    }
  ],
  "resolution-markers": {},
  "revision": 3,
  "supported-markers": {},
  "version": 1
}
