{
    "no-binary": false,
    "no-binary-package": [],
    "no-build": false,
    "no-build-package": []
}